[mobile-tracker-free.com/index.html]
[mobile-tracker-free.com/img/icon.png]
[backblue.gif]
[fade.gif]
[index.html]
[mobile-tracker-free.com/plugins/rs-plugin-5/css/settings.css]
[s3-eu-west-1.amazonaws.com/assets.cookieconsent.silktide.com/cookie-consent-logo.png]
[static.zdassets.com/ekr/asset_composer08e2.js]
[mobile-tracker-free.com/videos/background-video.jpg]
[mobile-tracker-free.com/img/play_icon.png]
[mobile-tracker-free.com/pictures-tracker/index.html]
[mobile-tracker-free.com/sms-tracker/index.html]
[mobile-tracker-free.com/gps-tracker/index.html]
[mobile-tracker-free.com/call-tracker/index.html]
[mobile-tracker-free.com/whatsapp-tracker/index.html]
[mobile-tracker-free.com/record-audio/index.html]
[mobile-tracker-free.com/facebook-messenger-tracker/index.html]
[mobile-tracker-free.com/call-recorder/index.html]
[cdnjs.cloudflare.com/ajax/libs/jquery/3.3.1/jquery.min.js]
[mobile-tracker-free.com/terms/index.html]
[mobile-tracker-free.com/privacy-policy/index.html]
[cdnjs.cloudflare.com/ajax/libs/twitter-bootstrap/4.1.3/js/bootstrap.bundle.min.js]
[mobile-tracker-free.com/refund-policy/index.html]
[mobile-tracker-free.com/plugins/rs-plugin-5/js/jquery.themepunch.tools.min.js]
[mobile-tracker-free.com/cookies-policy/index.html]
[mobile-tracker-free.com/plugins/rs-plugin-5/js/jquery.themepunch.revolution.min.js]
[mobile-tracker-free.com/index.html]
[mobile-tracker-free.com/js/cookiesEU/cookieconsent.js]
[mobile-tracker-free.com/plugins/rs-plugin-5/fonts/revicons/revicons90c6.eot]
[mobile-tracker-free.com/plugins/rs-plugin-5/fonts/revicons/revicons90c6.woff]
[mobile-tracker-free.com/plugins/rs-plugin-5/fonts/revicons/revicons90c6.ttf]
[mobile-tracker-free.com/plugins/rs-plugin-5/fonts/revicons/revicons90c6.svg]
[mobile-tracker-free.com/plugins/rs-plugin-5/css/openhand.cur]
[mobile-tracker-free.com/plugins/rs-plugin-5/css/closedhand.cur]
[mobile-tracker-free.com/plugins/rs-plugin-5/assets/gridtile.png]
[mobile-tracker-free.com/plugins/rs-plugin-5/assets/gridtile_white.png]
[mobile-tracker-free.com/plugins/rs-plugin-5/assets/gridtile_3x3.png]
[mobile-tracker-free.com/plugins/rs-plugin-5/assets/gridtile_3x3_white.png]
[mobile-tracker-free.com/plugins/rs-plugin-5/assets/coloredbg.png]
[mobile-tracker-free.com/plugins/rs-plugin-5/assets/loader.gif]
[mobile-tracker-free.com/plugins/rs-plugin-5/css/settings.css]
[mobile-tracker-free.com/register/index.html]
[mobile-tracker-free.com/login/index.html]
[mobile-tracker-free.com/features/index.html]
[mobile-tracker-free.com/help/index.html]
[mobile-tracker-free.com/offers/index.html]
[mobile-tracker-free.com/about/index.html]
[mobile-tracker-free.com/sms-tracker/index.html]
[mobile-tracker-free.com/sms-alert/index.html]
[mobile-tracker-free.com/call-block/index.html]
[mobile-tracker-free.com/call-tracker/index.html]
[mobile-tracker-free.com/skype-tracker/index.html]
[mobile-tracker-free.com/hangouts-tracker/index.html]
[mobile-tracker-free.com/gps-live/index.html]
[mobile-tracker-free.com/line-tracker/index.html]
[mobile-tracker-free.com/kik-tracker/index.html]
[mobile-tracker-free.com/gps-tracker/index.html]
[mobile-tracker-free.com/viber-tracker/index.html]
[mobile-tracker-free.com/gmail-tracker/index.html]
[mobile-tracker-free.com/tango-tracker/index.html]
[mobile-tracker-free.com/pictures-tracker/index.html]
[mobile-tracker-free.com/snapchat-tracker/index.html]
[mobile-tracker-free.com/whatsapp-tracker/index.html]
[mobile-tracker-free.com/take-picture/index.html]
[mobile-tracker-free.com/telegram-tracker/index.html]
[mobile-tracker-free.com/command-sms/index.html]
[mobile-tracker-free.com/remote-control-more/index.html]
[mobile-tracker-free.com/live-panel/index.html]
[mobile-tracker-free.com/file-explorer/index.html]
[mobile-tracker-free.com/record-audio/index.html]
[mobile-tracker-free.com/schedule-restriction/index.html]
[mobile-tracker-free.com/facebook-messenger-tracker/index.html]
[mobile-tracker-free.com/sites-tracker/index.html]
[mobile-tracker-free.com/apps-block/index.html]
[mobile-tracker-free.com/apps-tracker/index.html]
[mobile-tracker-free.com/sites-block/index.html]
[mobile-tracker-free.com/calendar-tracker/index.html]
[mobile-tracker-free.com/contacts-tracker/index.html]
[mobile-tracker-free.com/call-recorder/index.html]
[mobile-tracker-free.com/statistics/index.html]
[mobile-tracker-free.com/cdn-cgi/l/email-protection.html]
[mobile-tracker-free.com/repport-pdf/index.html]
[mobile-tracker-free.com/terms/index.html]
[mobile-tracker-free.com/cdn-cgi/scripts/5c5dd728/cloudflare-static/email-decode.min.js]
[mobile-tracker-free.com/privacy-policy/index.html]
[mobile-tracker-free.com/refund-policy/index.html]
[mobile-tracker-free.com/cookies-policy/index.html]
[mobile-tracker-free.com/plugins/rs-plugin-5/fonts/revicons/revicons90c6.svg]
[mobile-tracker-free.com/plugins/rs-plugin-5/css/openhand.html]
[mobile-tracker-free.com/plugins/rs-plugin-5/css/closedhand.html]
[mobile-tracker-free.com/plugins/rs-plugin-5/assets/gridtile.html]
[mobile-tracker-free.com/plugins/rs-plugin-5/assets/gridtile_white.html]
[mobile-tracker-free.com/plugins/rs-plugin-5/assets/gridtile_3x3.html]
[mobile-tracker-free.com/plugins/rs-plugin-5/assets/gridtile_3x3_white.html]
[mobile-tracker-free.com/plugins/rs-plugin-5/assets/coloredbg.html]
[mobile-tracker-free.com/sms-alert/index.html]
[mobile-tracker-free.com/call-block/index.html]
[mobile-tracker-free.com/gps-live/index.html]
[mobile-tracker-free.com/skype-tracker/index.html]
[mobile-tracker-free.com/hangouts-tracker/index.html]
[mobile-tracker-free.com/line-tracker/index.html]
[mobile-tracker-free.com/kik-tracker/index.html]
[mobile-tracker-free.com/viber-tracker/index.html]
[mobile-tracker-free.com/gmail-tracker/index.html]
[mobile-tracker-free.com/tango-tracker/index.html]
[mobile-tracker-free.com/snapchat-tracker/index.html]
[mobile-tracker-free.com/telegram-tracker/index.html]
[mobile-tracker-free.com/take-picture/index.html]
[mobile-tracker-free.com/command-sms/index.html]
[mobile-tracker-free.com/remote-control-more/index.html]
[mobile-tracker-free.com/live-panel/index.html]
[mobile-tracker-free.com/file-explorer/index.html]
[mobile-tracker-free.com/schedule-restriction/index.html]
[mobile-tracker-free.com/apps-tracker/index.html]
[mobile-tracker-free.com/apps-block/index.html]
[mobile-tracker-free.com/sites-tracker/index.html]
[mobile-tracker-free.com/sites-block/index.html]
[mobile-tracker-free.com/calendar-tracker/index.html]
[mobile-tracker-free.com/contacts-tracker/index.html]
[mobile-tracker-free.com/statistics/index.html]
[mobile-tracker-free.com/repport-pdf/index.html]
[mobile-tracker-free.com/cdn-cgi/l/email-protection.html]
